// Bun Snapshot v1, https://bun.sh/docs/test/snapshots

exports[`サンプルプラン 年集約スナップショット 残高 (yearly) 1`] = `
[
  {
    "byAccount": {
      "投資": 673916,
      "現金": 3214650,
    },
    "period": "2026年度",
    "total": 3888566,
  },
  {
    "byAccount": {
      "投資": 1059051,
      "現金": 4325023,
    },
    "period": "2027年度",
    "total": 5384074,
  },
  {
    "byAccount": {
      "投資": 1455739,
      "現金": 5392361,
    },
    "period": "2028年度",
    "total": 6848100,
  },
  {
    "byAccount": {
      "投資": 1864329,
      "現金": 6488928,
    },
    "period": "2029年度",
    "total": 8353257,
  },
  {
    "byAccount": {
      "投資": 2285176,
      "現金": 2741756,
    },
    "period": "2030年度",
    "total": 5026932,
  },
  {
    "byAccount": {
      "投資": 2718648,
      "現金": 4150353,
    },
    "period": "2031年度",
    "total": 6869001,
  },
  {
    "byAccount": {
      "投資": 3165126,
      "現金": 5586772,
    },
    "period": "2032年度",
    "total": 8751898,
  },
  {
    "byAccount": {
      "投資": 3624997,
      "現金": 6690275,
    },
    "period": "2033年度",
    "total": 10315272,
  },
  {
    "byAccount": {
      "投資": 4098666,
      "現金": 7815192,
    },
    "period": "2034年度",
    "total": 11913858,
  },
  {
    "byAccount": {
      "投資": 4586543,
      "現金": 8477782,
    },
    "period": "2035年度",
    "total": 13064325,
  },
  {
    "byAccount": {
      "投資": 5089056,
      "現金": 9197333,
    },
    "period": "2036年度",
    "total": 14286389,
  },
  {
    "byAccount": {
      "投資": 5606645,
      "現金": 9884319,
    },
    "period": "2037年度",
    "total": 15490964,
  },
  {
    "byAccount": {
      "投資": 6139761,
      "現金": 10273285,
    },
    "period": "2038年度",
    "total": 16413046,
  },
  {
    "byAccount": {
      "投資": 6688873,
      "現金": 10640309,
    },
    "period": "2039年度",
    "total": 17329182,
  },
  {
    "byAccount": {
      "投資": 7254456,
      "現金": 11024379,
    },
    "period": "2040年度",
    "total": 18278835,
  },
  {
    "byAccount": {
      "投資": 7837005,
      "現金": 11220119,
    },
    "period": "2041年度",
    "total": 19057124,
  },
  {
    "byAccount": {
      "投資": 8437033,
      "現金": 11426749,
    },
    "period": "2042年度",
    "total": 19863782,
  },
  {
    "byAccount": {
      "投資": 9055061,
      "現金": 11693456,
    },
    "period": "2043年度",
    "total": 20748517,
  },
  {
    "byAccount": {
      "投資": 9691631,
      "現金": 11439403,
    },
    "period": "2044年度",
    "total": 21131034,
  },
  {
    "byAccount": {
      "投資": 10347297,
      "現金": 9193732,
    },
    "period": "2045年度",
    "total": 19541029,
  },
  {
    "byAccount": {
      "投資": 11022634,
      "現金": 8955552,
    },
    "period": "2046年度",
    "total": 19978186,
  },
  {
    "byAccount": {
      "投資": 11718230,
      "現金": 8723936,
    },
    "period": "2047年度",
    "total": 20442166,
  },
  {
    "byAccount": {
      "投資": 12434696,
      "現金": 11513544,
    },
    "period": "2048年度",
    "total": 23948240,
  },
  {
    "byAccount": {
      "投資": 13172655,
      "現金": 14346475,
    },
    "period": "2049年度",
    "total": 27519130,
  },
  {
    "byAccount": {
      "投資": 13932752,
      "現金": 17222801,
    },
    "period": "2050年度",
    "total": 31155553,
  },
  {
    "byAccount": {
      "投資": 14715651,
      "現金": 20142600,
    },
    "period": "2051年度",
    "total": 34858251,
  },
  {
    "byAccount": {
      "投資": 15522038,
      "現金": 23106487,
    },
    "period": "2052年度",
    "total": 38628525,
  },
  {
    "byAccount": {
      "投資": 16352616,
      "現金": 26116982,
    },
    "period": "2053年度",
    "total": 42469598,
  },
  {
    "byAccount": {
      "投資": 17208112,
      "現金": 29176500,
    },
    "period": "2054年度",
    "total": 46384612,
  },
  {
    "byAccount": {
      "投資": 18089273,
      "現金": 30075593,
    },
    "period": "2055年度",
    "total": 48164866,
  },
  {
    "byAccount": {
      "投資": 18996868,
      "現金": 33232908,
    },
    "period": "2056年度",
    "total": 52229776,
  },
  {
    "byAccount": {
      "投資": 19931691,
      "現金": 36439300,
    },
    "period": "2057年度",
    "total": 56370991,
  },
  {
    "byAccount": {
      "投資": 20894559,
      "現金": 39694910,
    },
    "period": "2058年度",
    "total": 60589469,
  },
  {
    "byAccount": {
      "投資": 21521388,
      "現金": 39131870,
    },
    "period": "2059年度",
    "total": 60653258,
  },
  {
    "byAccount": {
      "投資": 22167024,
      "現金": 38582312,
    },
    "period": "2060年度",
    "total": 60749336,
  },
  {
    "byAccount": {
      "投資": 22832028,
      "現金": 38046047,
    },
    "period": "2061年度",
    "total": 60878075,
  },
  {
    "byAccount": {
      "投資": 23516983,
      "現金": 37521977,
    },
    "period": "2062年度",
    "total": 61038960,
  },
  {
    "byAccount": {
      "投資": 22762794,
      "現金": 43984385,
    },
    "period": "2063年度",
    "total": 66747179,
  },
  {
    "byAccount": {
      "投資": 21985977,
      "現金": 40737629,
    },
    "period": "2064年度",
    "total": 62723606,
  },
  {
    "byAccount": {
      "投資": 21185856,
      "現金": 36147539,
    },
    "period": "2065年度",
    "total": 57333395,
  },
  {
    "byAccount": {
      "投資": 20361732,
      "現金": 35095319,
    },
    "period": "2066年度",
    "total": 55457051,
  },
  {
    "byAccount": {
      "投資": 19512882,
      "現金": 34028099,
    },
    "period": "2067年度",
    "total": 53540981,
  },
  {
    "byAccount": {
      "投資": 18638567,
      "現金": 32946383,
    },
    "period": "2068年度",
    "total": 51584950,
  },
  {
    "byAccount": {
      "投資": 17738025,
      "現金": 31850675,
    },
    "period": "2069年度",
    "total": 49588700,
  },
  {
    "byAccount": {
      "投資": 16810466,
      "現金": 30741479,
    },
    "period": "2070年度",
    "total": 47551945,
  },
  {
    "byAccount": {
      "投資": 15855080,
      "現金": 29619371,
    },
    "period": "2071年度",
    "total": 45474451,
  },
  {
    "byAccount": {
      "投資": 14871030,
      "現金": 28484927,
    },
    "period": "2072年度",
    "total": 43355957,
  },
  {
    "byAccount": {
      "投資": 13857460,
      "現金": 27338759,
    },
    "period": "2073年度",
    "total": 41196219,
  },
  {
    "byAccount": {
      "投資": 12813483,
      "現金": 26181479,
    },
    "period": "2074年度",
    "total": 38994962,
  },
  {
    "byAccount": {
      "投資": 11738187,
      "現金": 22318074,
    },
    "period": "2075年度",
    "total": 34056261,
  },
  {
    "byAccount": {
      "投資": 10630630,
      "現金": 21140622,
    },
    "period": "2076年度",
    "total": 31771252,
  },
  {
    "byAccount": {
      "投資": 9489848,
      "現金": 19954158,
    },
    "period": "2077年度",
    "total": 29444006,
  },
  {
    "byAccount": {
      "投資": 8314845,
      "現金": 18759426,
    },
    "period": "2078年度",
    "total": 27074271,
  },
  {
    "byAccount": {
      "投資": 7104590,
      "現金": 17557218,
    },
    "period": "2079年度",
    "total": 24661808,
  },
  {
    "byAccount": {
      "投資": 5858028,
      "現金": 16348350,
    },
    "period": "2080年度",
    "total": 22206378,
  },
  {
    "byAccount": {
      "投資": 4574069,
      "現金": 15133698,
    },
    "period": "2081年度",
    "total": 19707767,
  },
  {
    "byAccount": {
      "投資": 3251590,
      "現金": 13914150,
    },
    "period": "2082年度",
    "total": 17165740,
  },
  {
    "byAccount": {
      "投資": 1889437,
      "現金": 12690618,
    },
    "period": "2083年度",
    "total": 14580055,
  },
  {
    "byAccount": {
      "投資": 486419,
      "現金": 11464086,
    },
    "period": "2084年度",
    "total": 11950505,
  },
  {
    "byAccount": {
      "投資": 0,
      "現金": 6307336,
    },
    "period": "2085年度",
    "total": 6307336,
  },
  {
    "byAccount": {
      "投資": 0,
      "現金": 3637888,
    },
    "period": "2086年度",
    "total": 3637888,
  },
  {
    "byAccount": {
      "投資": 0,
      "現金": 968608,
    },
    "period": "2087年度",
    "total": 968608,
  },
  {
    "byAccount": {
      "投資": 0,
      "現金": -1699376,
    },
    "period": "2088年度",
    "total": -1699376,
  },
]
`;

exports[`サンプルプラン 年集約スナップショット 収入フロー (yearly, leaf) 1`] = `
{
  "categoryOrder": [
    "給与",
    "支給",
    "給与(額面)",
    "運用益",
  ],
  "points": [
    {
      "byCategory": {
        "支給": 180000,
        "給与": 3040000,
        "給与(額面)": 6000000,
        "運用益": 13916,
      },
      "period": "2026年度",
      "total": 9233916,
    },
    {
      "byCategory": {
        "支給": 180000,
        "給与": 3076000,
        "給与(額面)": 6060000,
        "運用益": 25135,
      },
      "period": "2027年度",
      "total": 9341135,
    },
    {
      "byCategory": {
        "支給": 180000,
        "給与": 3112000,
        "給与(額面)": 6120600,
        "運用益": 36688,
      },
      "period": "2028年度",
      "total": 9449288,
    },
    {
      "byCategory": {
        "支給": 180000,
        "給与": 3148000,
        "給与(額面)": 6181800,
        "運用益": 48590,
      },
      "period": "2029年度",
      "total": 9558390,
    },
    {
      "byCategory": {
        "支給": 180000,
        "給与": 3184000,
        "給与(額面)": 6243624,
        "運用益": 60847,
      },
      "period": "2030年度",
      "total": 9668471,
    },
    {
      "byCategory": {
        "支給": 180000,
        "給与": 3220000,
        "給与(額面)": 6306060,
        "運用益": 73472,
      },
      "period": "2031年度",
      "total": 9779532,
    },
    {
      "byCategory": {
        "支給": 180000,
        "給与": 3256000,
        "給与(額面)": 6369120,
        "運用益": 86478,
      },
      "period": "2032年度",
      "total": 9891598,
    },
    {
      "byCategory": {
        "支給": 180000,
        "給与": 3292000,
        "給与(額面)": 6432804,
        "運用益": 99871,
      },
      "period": "2033年度",
      "total": 10004675,
    },
    {
      "byCategory": {
        "支給": 180000,
        "給与": 3328000,
        "給与(額面)": 6497136,
        "運用益": 113669,
      },
      "period": "2034年度",
      "total": 10118805,
    },
    {
      "byCategory": {
        "支給": 180000,
        "給与": 3364000,
        "給与(額面)": 6562104,
        "運用益": 127877,
      },
      "period": "2035年度",
      "total": 10233981,
    },
    {
      "byCategory": {
        "支給": 180000,
        "給与": 3400000,
        "給与(額面)": 6627732,
        "運用益": 142513,
      },
      "period": "2036年度",
      "total": 10350245,
    },
    {
      "byCategory": {
        "支給": 180000,
        "給与": 3436000,
        "給与(額面)": 6694008,
        "運用益": 157589,
      },
      "period": "2037年度",
      "total": 10467597,
    },
    {
      "byCategory": {
        "支給": 180000,
        "給与": 3472000,
        "給与(額面)": 6760944,
        "運用益": 173116,
      },
      "period": "2038年度",
      "total": 10586060,
    },
    {
      "byCategory": {
        "支給": 180000,
        "給与": 3508000,
        "給与(額面)": 6828552,
        "運用益": 189112,
      },
      "period": "2039年度",
      "total": 10705664,
    },
    {
      "byCategory": {
        "支給": 180000,
        "給与": 3544000,
        "給与(額面)": 6896844,
        "運用益": 205583,
      },
      "period": "2040年度",
      "total": 10826427,
    },
    {
      "byCategory": {
        "支給": 180000,
        "給与": 3580000,
        "給与(額面)": 6965808,
        "運用益": 222549,
      },
      "period": "2041年度",
      "total": 10948357,
    },
    {
      "byCategory": {
        "支給": 180000,
        "給与": 3616000,
        "給与(額面)": 7035468,
        "運用益": 240028,
      },
      "period": "2042年度",
      "total": 11071496,
    },
    {
      "byCategory": {
        "支給": 180000,
        "給与": 3652000,
        "給与(額面)": 7105824,
        "運用益": 258028,
      },
      "period": "2043年度",
      "total": 11195852,
    },
    {
      "byCategory": {
        "支給": 0,
        "給与": 3688000,
        "給与(額面)": 7176876,
        "運用益": 276570,
      },
      "period": "2044年度",
      "total": 11141446,
    },
    {
      "byCategory": {
        "支給": 0,
        "給与": 3724000,
        "給与(額面)": 7248648,
        "運用益": 295666,
      },
      "period": "2045年度",
      "total": 11268314,
    },
    {
      "byCategory": {
        "支給": 0,
        "給与": 3760000,
        "給与(額面)": 7321140,
        "運用益": 315337,
      },
      "period": "2046年度",
      "total": 11396477,
    },
    {
      "byCategory": {
        "支給": 0,
        "給与": 3796000,
        "給与(額面)": 7394340,
        "運用益": 335596,
      },
      "period": "2047年度",
      "total": 11525936,
    },
    {
      "byCategory": {
        "支給": 0,
        "給与": 3832000,
        "給与(額面)": 7468284,
        "運用益": 356466,
      },
      "period": "2048年度",
      "total": 11656750,
    },
    {
      "byCategory": {
        "支給": 0,
        "給与": 3868000,
        "給与(額面)": 7542972,
        "運用益": 377959,
      },
      "period": "2049年度",
      "total": 11788931,
    },
    {
      "byCategory": {
        "支給": 0,
        "給与": 3904000,
        "給与(額面)": 7618404,
        "運用益": 400097,
      },
      "period": "2050年度",
      "total": 11922501,
    },
    {
      "byCategory": {
        "支給": 0,
        "給与": 3940000,
        "給与(額面)": 7694580,
        "運用益": 422899,
      },
      "period": "2051年度",
      "total": 12057479,
    },
    {
      "byCategory": {
        "支給": 0,
        "給与": 3976000,
        "給与(額面)": 7771536,
        "運用益": 446387,
      },
      "period": "2052年度",
      "total": 12193923,
    },
    {
      "byCategory": {
        "支給": 0,
        "給与": 4012000,
        "給与(額面)": 7849248,
        "運用益": 470578,
      },
      "period": "2053年度",
      "total": 12331826,
    },
    {
      "byCategory": {
        "支給": 0,
        "給与": 4048000,
        "給与(額面)": 7927740,
        "運用益": 495496,
      },
      "period": "2054年度",
      "total": 12471236,
    },
    {
      "byCategory": {
        "支給": 0,
        "給与": 4084000,
        "給与(額面)": 8007012,
        "運用益": 521161,
      },
      "period": "2055年度",
      "total": 12612173,
    },
    {
      "byCategory": {
        "支給": 0,
        "給与": 4120000,
        "給与(額面)": 8087088,
        "運用益": 547595,
      },
      "period": "2056年度",
      "total": 12754683,
    },
    {
      "byCategory": {
        "支給": 0,
        "給与": 4156000,
        "給与(額面)": 8167956,
        "運用益": 574823,
      },
      "period": "2057年度",
      "total": 12898779,
    },
    {
      "byCategory": {
        "支給": 0,
        "給与": 4192000,
        "給与(額面)": 8249640,
        "運用益": 602868,
      },
      "period": "2058年度",
      "total": 13044508,
    },
    {
      "byCategory": {
        "支給": 0,
        "給与": 0,
        "給与(額面)": 8332140,
        "運用益": 626829,
      },
      "period": "2059年度",
      "total": 8958969,
    },
    {
      "byCategory": {
        "支給": 0,
        "給与": 0,
        "給与(額面)": 8415456,
        "運用益": 645636,
      },
      "period": "2060年度",
      "total": 9061092,
    },
    {
      "byCategory": {
        "支給": 0,
        "給与": 0,
        "給与(額面)": 8499612,
        "運用益": 665004,
      },
      "period": "2061年度",
      "total": 9164616,
    },
    {
      "byCategory": {
        "支給": 0,
        "給与": 0,
        "給与(額面)": 8584608,
        "運用益": 684955,
      },
      "period": "2062年度",
      "total": 9269563,
    },
    {
      "byCategory": {
        "支給": 2160000,
        "給与": 3000000,
        "給与(額面)": 8670456,
        "運用益": 685811,
      },
      "period": "2063年度",
      "total": 14516267,
    },
    {
      "byCategory": {
        "支給": 2188800,
        "給与": 0,
        "給与(額面)": 0,
        "運用益": 663183,
      },
      "period": "2064年度",
      "total": 2851983,
    },
    {
      "byCategory": {
        "支給": 2218464,
        "給与": 0,
        "給与(額面)": 0,
        "運用益": 639879,
      },
      "period": "2065年度",
      "total": 2858343,
    },
    {
      "byCategory": {
        "支給": 2249016,
        "給与": 0,
        "給与(額面)": 0,
        "運用益": 615876,
      },
      "period": "2066年度",
      "total": 2864892,
    },
    {
      "byCategory": {
        "支給": 2280480,
        "給与": 0,
        "給与(額面)": 0,
        "運用益": 591150,
      },
      "period": "2067年度",
      "total": 2871630,
    },
    {
      "byCategory": {
        "支給": 2312892,
        "給与": 0,
        "給与(額面)": 0,
        "運用益": 565685,
      },
      "period": "2068年度",
      "total": 2878577,
    },
    {
      "byCategory": {
        "支給": 2346288,
        "給与": 0,
        "給与(額面)": 0,
        "運用益": 539458,
      },
      "period": "2069年度",
      "total": 2885746,
    },
    {
      "byCategory": {
        "支給": 2380668,
        "給与": 0,
        "給与(額面)": 0,
        "運用益": 512441,
      },
      "period": "2070年度",
      "total": 2893109,
    },
    {
      "byCategory": {
        "支給": 2416092,
        "給与": 0,
        "給与(額面)": 0,
        "運用益": 484614,
      },
      "period": "2071年度",
      "total": 2900706,
    },
    {
      "byCategory": {
        "支給": 2452572,
        "給与": 0,
        "給与(額面)": 0,
        "運用益": 455950,
      },
      "period": "2072年度",
      "total": 2908522,
    },
    {
      "byCategory": {
        "支給": 2490156,
        "給与": 0,
        "給与(額面)": 0,
        "運用益": 426430,
      },
      "period": "2073年度",
      "total": 2916586,
    },
    {
      "byCategory": {
        "支給": 2528856,
        "給与": 0,
        "給与(額面)": 0,
        "運用益": 396023,
      },
      "period": "2074年度",
      "total": 2924879,
    },
    {
      "byCategory": {
        "支給": 2568720,
        "給与": 0,
        "給与(額面)": 0,
        "運用益": 364704,
      },
      "period": "2075年度",
      "total": 2933424,
    },
    {
      "byCategory": {
        "支給": 2609784,
        "給与": 0,
        "給与(額面)": 0,
        "運用益": 332443,
      },
      "period": "2076年度",
      "total": 2942227,
    },
    {
      "byCategory": {
        "支給": 2652084,
        "給与": 0,
        "給与(額面)": 0,
        "運用益": 299218,
      },
      "period": "2077年度",
      "total": 2951302,
    },
    {
      "byCategory": {
        "支給": 2695644,
        "給与": 0,
        "給与(額面)": 0,
        "運用益": 264997,
      },
      "period": "2078年度",
      "total": 2960641,
    },
    {
      "byCategory": {
        "支給": 2740512,
        "給与": 0,
        "給与(額面)": 0,
        "運用益": 229745,
      },
      "period": "2079年度",
      "total": 2970257,
    },
    {
      "byCategory": {
        "支給": 2786724,
        "給与": 0,
        "給与(額面)": 0,
        "運用益": 193438,
      },
      "period": "2080年度",
      "total": 2980162,
    },
    {
      "byCategory": {
        "支給": 2834328,
        "給与": 0,
        "給与(額面)": 0,
        "運用益": 156041,
      },
      "period": "2081年度",
      "total": 2990369,
    },
    {
      "byCategory": {
        "支給": 2883360,
        "給与": 0,
        "給与(額面)": 0,
        "運用益": 117521,
      },
      "period": "2082年度",
      "total": 3000881,
    },
    {
      "byCategory": {
        "支給": 2933856,
        "給与": 0,
        "給与(額面)": 0,
        "運用益": 77847,
      },
      "period": "2083年度",
      "total": 3011703,
    },
    {
      "byCategory": {
        "支給": 2985876,
        "給与": 0,
        "給与(額面)": 0,
        "運用益": 36982,
      },
      "period": "2084年度",
      "total": 3022858,
    },
    {
      "byCategory": {
        "支給": 3039456,
        "給与": 0,
        "給与(額面)": 0,
        "運用益": 3058,
      },
      "period": "2085年度",
      "total": 3042514,
    },
    {
      "byCategory": {
        "支給": 3094632,
        "給与": 0,
        "給与(額面)": 0,
        "運用益": 0,
      },
      "period": "2086年度",
      "total": 3094632,
    },
    {
      "byCategory": {
        "支給": 3151476,
        "給与": 0,
        "給与(額面)": 0,
        "運用益": 0,
      },
      "period": "2087年度",
      "total": 3151476,
    },
    {
      "byCategory": {
        "支給": 3210024,
        "給与": 0,
        "給与(額面)": 0,
        "運用益": 0,
      },
      "period": "2088年度",
      "total": 3210024,
    },
  ],
}
`;

exports[`サンプルプラン 年集約スナップショット 支出フロー (yearly, leaf) 1`] = `
{
  "categoryOrder": [
    "食費",
    "通信費",
    "消耗品・その他",
    "住宅費",
    "家賃",
    "住宅ローン",
    "学費",
    "塾",
    "社会保険料",
    "所得税",
    "住民税",
  ],
  "points": [
    {
      "byCategory": {
        "住宅ローン": 0,
        "住宅費": 0,
        "住民税": 337029,
        "塾": 0,
        "学費": 0,
        "家賃": 2640000,
        "所得税": 132090,
        "消耗品・その他": 3000000,
        "社会保険料": 720231,
        "通信費": 96000,
        "食費": 720000,
      },
      "period": "2026年度",
      "total": 7645350,
    },
    {
      "byCategory": {
        "住宅ローン": 0,
        "住宅費": 0,
        "住民税": 236874,
        "塾": 0,
        "学費": 0,
        "家賃": 2640000,
        "所得税": 210300,
        "消耗品・その他": 3042000,
        "社会保険料": 893253,
        "通信費": 96000,
        "食費": 727200,
      },
      "period": "2027年度",
      "total": 7845627,
    },
    {
      "byCategory": {
        "住宅ローン": 0,
        "住宅費": 0,
        "住民税": 313479,
        "塾": 0,
        "学費": 0,
        "家賃": 2640000,
        "所得税": 214341,
        "消耗品・その他": 3084780,
        "社会保険料": 902190,
        "通信費": 96000,
        "食費": 734472,
      },
      "period": "2028年度",
      "total": 7985262,
    },
    {
      "byCategory": {
        "住宅ローン": 0,
        "住宅費": 0,
        "住民税": 317436,
        "塾": 0,
        "学費": 0,
        "家賃": 2640000,
        "所得税": 218418,
        "消耗品・その他": 3128352,
        "社会保険料": 911211,
        "通信費": 96000,
        "食費": 741816,
      },
      "period": "2029年度",
      "total": 8053233,
    },
    {
      "byCategory": {
        "住宅ローン": 1192542,
        "住宅費": 5000000,
        "住民税": 321429,
        "塾": 0,
        "学費": 0,
        "家賃": 1320000,
        "所得税": 222534,
        "消耗品・その他": 3172740,
        "社会保険料": 920319,
        "通信費": 96000,
        "食費": 749232,
      },
      "period": "2030年度",
      "total": 12994796,
    },
    {
      "byCategory": {
        "住宅ローン": 2385084,
        "住宅費": 0,
        "住民税": 325461,
        "塾": 0,
        "学費": 0,
        "家賃": 0,
        "所得税": 226695,
        "消耗品・その他": 3217980,
        "社会保険料": 929523,
        "通信費": 96000,
        "食費": 756720,
      },
      "period": "2031年度",
      "total": 7937463,
    },
    {
      "byCategory": {
        "住宅ローン": 2385084,
        "住宅費": 0,
        "住民税": 329538,
        "塾": 0,
        "学費": 0,
        "家賃": 0,
        "所得税": 230895,
        "消耗品・その他": 3264072,
        "社会保険料": 938820,
        "通信費": 96000,
        "食費": 764292,
      },
      "period": "2032年度",
      "total": 8008701,
    },
    {
      "byCategory": {
        "住宅ローン": 2385084,
        "住宅費": 0,
        "住民税": 333651,
        "塾": 0,
        "学費": 0,
        "家賃": 0,
        "所得税": 235386,
        "消耗品・その他": 3311040,
        "社会保険料": 948204,
        "通信費": 96000,
        "食費": 1131936,
      },
      "period": "2033年度",
      "total": 8441301,
    },
    {
      "byCategory": {
        "住宅ローン": 2385084,
        "住宅費": 0,
        "住民税": 337803,
        "塾": 0,
        "学費": 0,
        "家賃": 0,
        "所得税": 241485,
        "消耗品・その他": 3358908,
        "社会保険料": 957687,
        "通信費": 96000,
        "食費": 1143252,
      },
      "period": "2034年度",
      "total": 8520219,
    },
    {
      "byCategory": {
        "住宅ローン": 2265654,
        "住宅費": 0,
        "住民税": 342003,
        "塾": 600000,
        "学費": 0,
        "家賃": 0,
        "所得税": 250197,
        "消耗品・その他": 3407700,
        "社会保険料": 967272,
        "通信費": 96000,
        "食費": 1154688,
      },
      "period": "2035年度",
      "total": 9083514,
    },
    {
      "byCategory": {
        "住宅ローン": 2225844,
        "住宅費": 0,
        "住民税": 346275,
        "塾": 600000,
        "学費": 0,
        "家賃": 0,
        "所得税": 259458,
        "消耗品・その他": 3457428,
        "社会保険料": 976944,
        "通信費": 96000,
        "食費": 1166232,
      },
      "period": "2036年度",
      "total": 9128181,
    },
    {
      "byCategory": {
        "住宅ローン": 2225844,
        "住宅費": 0,
        "住民税": 350805,
        "塾": 600000,
        "学費": 0,
        "家賃": 0,
        "所得税": 269637,
        "消耗品・その他": 3508128,
        "社会保険料": 986712,
        "通信費": 144000,
        "食費": 1177896,
      },
      "period": "2037年度",
      "total": 9263022,
    },
    {
      "byCategory": {
        "住宅ローン": 2225844,
        "住宅費": 0,
        "住民税": 355797,
        "塾": 600000,
        "学費": 300000,
        "家賃": 0,
        "所得税": 276759,
        "消耗品・その他": 3559836,
        "社会保険料": 1012074,
        "通信費": 144000,
        "食費": 1189668,
      },
      "period": "2038年度",
      "total": 9663978,
    },
    {
      "byCategory": {
        "住宅ローン": 2225844,
        "住宅費": 0,
        "住民税": 359286,
        "塾": 600000,
        "学費": 300000,
        "家賃": 0,
        "所得税": 277626,
        "消耗品・その他": 3612528,
        "社会保険料": 1068684,
        "通信費": 144000,
        "食費": 1201560,
      },
      "period": "2039年度",
      "total": 9789528,
    },
    {
      "byCategory": {
        "住宅ローン": 2225844,
        "住宅費": 0,
        "住民税": 359706,
        "塾": 600000,
        "学費": 300000,
        "家賃": 0,
        "所得税": 287997,
        "消耗品・その他": 3666276,
        "社会保険料": 1079367,
        "通信費": 144000,
        "食費": 1213584,
      },
      "period": "2040年度",
      "total": 9876774,
    },
    {
      "byCategory": {
        "住宅ローン": 2225844,
        "住宅費": 0,
        "住民税": 364782,
        "塾": 600000,
        "学費": 500000,
        "家賃": 0,
        "所得税": 298473,
        "消耗品・その他": 3721092,
        "社会保険料": 1090161,
        "通信費": 144000,
        "食費": 1225716,
      },
      "period": "2041年度",
      "total": 10170068,
    },
    {
      "byCategory": {
        "住宅ローン": 2225844,
        "住宅費": 0,
        "住民税": 369909,
        "塾": 600000,
        "学費": 500000,
        "家賃": 0,
        "所得税": 309048,
        "消耗品・その他": 3777000,
        "社会保険料": 1101069,
        "通信費": 144000,
        "食費": 1237968,
      },
      "period": "2042年度",
      "total": 10264838,
    },
    {
      "byCategory": {
        "住宅ローン": 2225844,
        "住宅費": 0,
        "住民税": 375093,
        "塾": 550000,
        "学費": 500000,
        "家賃": 0,
        "所得税": 319728,
        "消耗品・その他": 3834024,
        "社会保険料": 1112076,
        "通信費": 144000,
        "食費": 1250352,
      },
      "period": "2043年度",
      "total": 10311117,
    },
    {
      "byCategory": {
        "住宅ローン": 2225844,
        "住宅費": 0,
        "住民税": 380325,
        "塾": 0,
        "学費": 1400000,
        "家賃": 0,
        "所得税": 330510,
        "消耗品・その他": 3892200,
        "社会保険料": 1123194,
        "通信費": 144000,
        "食費": 1262856,
      },
      "period": "2044年度",
      "total": 10758929,
    },
    {
      "byCategory": {
        "住宅ローン": 2225844,
        "住宅費": 2000000,
        "住民税": 385605,
        "塾": 0,
        "学費": 1400000,
        "家賃": 0,
        "所得税": 341409,
        "消耗品・その他": 3951552,
        "社会保険料": 1134429,
        "通信費": 144000,
        "食費": 1275480,
      },
      "period": "2045年度",
      "total": 12858319,
    },
    {
      "byCategory": {
        "住宅ローン": 2225844,
        "住宅費": 0,
        "住民税": 390936,
        "塾": 0,
        "学費": 1400000,
        "家賃": 0,
        "所得税": 352416,
        "消耗品・その他": 4012116,
        "社会保険料": 1145772,
        "通信費": 144000,
        "食費": 1288236,
      },
      "period": "2046年度",
      "total": 10959320,
    },
    {
      "byCategory": {
        "住宅ローン": 2225844,
        "住宅費": 0,
        "住民税": 396327,
        "塾": 0,
        "学費": 1400000,
        "家賃": 0,
        "所得税": 363531,
        "消耗品・その他": 4073904,
        "社会保険料": 1157226,
        "通信費": 144000,
        "食費": 1301124,
      },
      "period": "2047年度",
      "total": 11061956,
    },
    {
      "byCategory": {
        "住宅ローン": 2225844,
        "住宅費": 0,
        "住民税": 401775,
        "塾": 0,
        "学費": 0,
        "家賃": 0,
        "所得税": 374757,
        "消耗品・その他": 2987316,
        "社会保険料": 1168800,
        "通信費": 96000,
        "食費": 896184,
      },
      "period": "2048年度",
      "total": 8150676,
    },
    {
      "byCategory": {
        "住宅ローン": 2225844,
        "住宅費": 0,
        "住民税": 407274,
        "塾": 0,
        "学費": 0,
        "家賃": 0,
        "所得税": 386100,
        "消耗品・その他": 3017184,
        "社会保険料": 1180491,
        "通信費": 96000,
        "食費": 905148,
      },
      "period": "2049年度",
      "total": 8218041,
    },
    {
      "byCategory": {
        "住宅ローン": 2225844,
        "住宅費": 0,
        "住民税": 412830,
        "塾": 0,
        "学費": 0,
        "家賃": 0,
        "所得税": 397551,
        "消耗品・その他": 3047352,
        "社会保険料": 1192293,
        "通信費": 96000,
        "食費": 914208,
      },
      "period": "2050年度",
      "total": 8286078,
    },
    {
      "byCategory": {
        "住宅ローン": 2225844,
        "住宅費": 0,
        "住民税": 418437,
        "塾": 0,
        "学費": 0,
        "家賃": 0,
        "所得税": 409113,
        "消耗品・その他": 3077832,
        "社会保険料": 1204215,
        "通信費": 96000,
        "食費": 923340,
      },
      "period": "2051年度",
      "total": 8354781,
    },
    {
      "byCategory": {
        "住宅ローン": 2225844,
        "住宅費": 0,
        "住民税": 424101,
        "塾": 0,
        "学費": 0,
        "家賃": 0,
        "所得税": 420936,
        "消耗品・その他": 3108612,
        "社会保険料": 1215576,
        "通信費": 96000,
        "食費": 932580,
      },
      "period": "2052年度",
      "total": 8423649,
    },
    {
      "byCategory": {
        "住宅ローン": 2225844,
        "住宅費": 0,
        "住民税": 429885,
        "塾": 0,
        "学費": 0,
        "家賃": 0,
        "所得税": 433524,
        "消耗品・その他": 3139692,
        "社会保険料": 1223904,
        "通信費": 96000,
        "食費": 941904,
      },
      "period": "2053年度",
      "total": 8490753,
    },
    {
      "byCategory": {
        "住宅ローン": 2225844,
        "住宅費": 0,
        "住民税": 436047,
        "塾": 0,
        "学費": 0,
        "家賃": 0,
        "所得税": 446904,
        "消耗品・その他": 3171096,
        "社会保険料": 1229007,
        "通信費": 96000,
        "食費": 951324,
      },
      "period": "2054年度",
      "total": 8556222,
    },
    {
      "byCategory": {
        "住宅ローン": 2225844,
        "住宅費": 2209244,
        "住民税": 442602,
        "塾": 0,
        "学費": 0,
        "家賃": 0,
        "所得税": 460425,
        "消耗品・その他": 3202800,
        "社会保険料": 1234164,
        "通信費": 96000,
        "食費": 960840,
      },
      "period": "2055年度",
      "total": 10831919,
    },
    {
      "byCategory": {
        "住宅ローン": 2225844,
        "住宅費": 0,
        "住民税": 449220,
        "塾": 0,
        "学費": 0,
        "家賃": 0,
        "所得税": 474078,
        "消耗品・その他": 3234828,
        "社会保険料": 1239363,
        "通信費": 96000,
        "食費": 970440,
      },
      "period": "2056年度",
      "total": 8689773,
    },
    {
      "byCategory": {
        "住宅ローン": 2225844,
        "住宅費": 0,
        "住民税": 455907,
        "塾": 0,
        "学費": 0,
        "家賃": 0,
        "所得税": 487866,
        "消耗品・その他": 3267180,
        "社会保険料": 1244619,
        "通信費": 96000,
        "食費": 980148,
      },
      "period": "2057年度",
      "total": 8757564,
    },
    {
      "byCategory": {
        "住宅ローン": 2225844,
        "住宅費": 0,
        "住民税": 462657,
        "塾": 0,
        "学費": 0,
        "家賃": 0,
        "所得税": 501795,
        "消耗品・その他": 3299856,
        "社会保険料": 1249926,
        "通信費": 96000,
        "食費": 989952,
      },
      "period": "2058年度",
      "total": 8826030,
    },
    {
      "byCategory": {
        "住宅ローン": 2225844,
        "住宅費": 0,
        "住民税": 469479,
        "塾": 0,
        "学費": 0,
        "家賃": 0,
        "所得税": 515859,
        "消耗品・その他": 3332856,
        "社会保険料": 1255290,
        "通信費": 96000,
        "食費": 999852,
      },
      "period": "2059年度",
      "total": 8895180,
    },
    {
      "byCategory": {
        "住宅ローン": 2225844,
        "住宅費": 0,
        "住民税": 476370,
        "塾": 0,
        "学費": 0,
        "家賃": 0,
        "所得税": 530067,
        "消耗品・その他": 3366180,
        "社会保険料": 1260705,
        "通信費": 96000,
        "食費": 1009848,
      },
      "period": "2060年度",
      "total": 8965014,
    },
    {
      "byCategory": {
        "住宅ローン": 2225844,
        "住宅費": 0,
        "住民税": 483324,
        "塾": 0,
        "学費": 0,
        "家賃": 0,
        "所得税": 544740,
        "消耗品・その他": 3399840,
        "社会保険料": 1266177,
        "通信費": 96000,
        "食費": 1019952,
      },
      "period": "2061年度",
      "total": 9035877,
    },
    {
      "byCategory": {
        "住宅ローン": 2225844,
        "住宅費": 0,
        "住民税": 490509,
        "塾": 0,
        "学費": 0,
        "家賃": 0,
        "所得税": 560637,
        "消耗品・その他": 3433836,
        "社会保険料": 1271700,
        "通信費": 96000,
        "食費": 1030152,
      },
      "period": "2062年度",
      "total": 9108678,
    },
    {
      "byCategory": {
        "住宅ローン": 2225844,
        "住宅費": 0,
        "住民税": 498297,
        "塾": 0,
        "学費": 0,
        "家賃": 0,
        "所得税": 437565,
        "消耗品・その他": 3468180,
        "社会保険料": 1041714,
        "通信費": 96000,
        "食費": 1040448,
      },
      "period": "2063年度",
      "total": 8808048,
    },
    {
      "byCategory": {
        "住宅ローン": 2225844,
        "住宅費": 0,
        "住民税": 0,
        "塾": 0,
        "学費": 0,
        "家賃": 0,
        "所得税": 0,
        "消耗品・その他": 3502860,
        "社会保険料": 0,
        "通信費": 96000,
        "食費": 1050852,
      },
      "period": "2064年度",
      "total": 6875556,
    },
    {
      "byCategory": {
        "住宅ローン": 1112922,
        "住宅費": 2440380,
        "住民税": 0,
        "塾": 0,
        "学費": 0,
        "家賃": 0,
        "所得税": 0,
        "消耗品・その他": 3537888,
        "社会保険料": 0,
        "通信費": 96000,
        "食費": 1061364,
      },
      "period": "2065年度",
      "total": 8248554,
    },
    {
      "byCategory": {
        "住宅ローン": 0,
        "住宅費": 0,
        "住民税": 0,
        "塾": 0,
        "学費": 0,
        "家賃": 0,
        "所得税": 0,
        "消耗品・その他": 3573264,
        "社会保険料": 0,
        "通信費": 96000,
        "食費": 1071972,
      },
      "period": "2066年度",
      "total": 4741236,
    },
    {
      "byCategory": {
        "住宅ローン": 0,
        "住宅費": 0,
        "住民税": 0,
        "塾": 0,
        "学費": 0,
        "家賃": 0,
        "所得税": 0,
        "消耗品・その他": 3609000,
        "社会保険料": 0,
        "通信費": 96000,
        "食費": 1082700,
      },
      "period": "2067年度",
      "total": 4787700,
    },
    {
      "byCategory": {
        "住宅ローン": 0,
        "住宅費": 0,
        "住民税": 0,
        "塾": 0,
        "学費": 0,
        "家賃": 0,
        "所得税": 0,
        "消耗品・その他": 3645084,
        "社会保険料": 0,
        "通信費": 96000,
        "食費": 1093524,
      },
      "period": "2068年度",
      "total": 4834608,
    },
    {
      "byCategory": {
        "住宅ローン": 0,
        "住宅費": 0,
        "住民税": 0,
        "塾": 0,
        "学費": 0,
        "家賃": 0,
        "所得税": 0,
        "消耗品・その他": 3681540,
        "社会保険料": 0,
        "通信費": 96000,
        "食費": 1104456,
      },
      "period": "2069年度",
      "total": 4881996,
    },
    {
      "byCategory": {
        "住宅ローン": 0,
        "住宅費": 0,
        "住民税": 0,
        "塾": 0,
        "学費": 0,
        "家賃": 0,
        "所得税": 0,
        "消耗品・その他": 3718356,
        "社会保険料": 0,
        "通信費": 96000,
        "食費": 1115508,
      },
      "period": "2070年度",
      "total": 4929864,
    },
    {
      "byCategory": {
        "住宅ローン": 0,
        "住宅費": 0,
        "住民税": 0,
        "塾": 0,
        "学費": 0,
        "家賃": 0,
        "所得税": 0,
        "消耗品・その他": 3755544,
        "社会保険料": 0,
        "通信費": 96000,
        "食費": 1126656,
      },
      "period": "2071年度",
      "total": 4978200,
    },
    {
      "byCategory": {
        "住宅ローン": 0,
        "住宅費": 0,
        "住民税": 0,
        "塾": 0,
        "学費": 0,
        "家賃": 0,
        "所得税": 0,
        "消耗品・その他": 3793092,
        "社会保険料": 0,
        "通信費": 96000,
        "食費": 1137924,
      },
      "period": "2072年度",
      "total": 5027016,
    },
    {
      "byCategory": {
        "住宅ローン": 0,
        "住宅費": 0,
        "住民税": 0,
        "塾": 0,
        "学費": 0,
        "家賃": 0,
        "所得税": 0,
        "消耗品・その他": 3831024,
        "社会保険料": 0,
        "通信費": 96000,
        "食費": 1149300,
      },
      "period": "2073年度",
      "total": 5076324,
    },
    {
      "byCategory": {
        "住宅ローン": 0,
        "住宅費": 0,
        "住民税": 0,
        "塾": 0,
        "学費": 0,
        "家賃": 0,
        "所得税": 0,
        "消耗品・その他": 3869340,
        "社会保険料": 0,
        "通信費": 96000,
        "食費": 1160796,
      },
      "period": "2074年度",
      "total": 5126136,
    },
    {
      "byCategory": {
        "住宅ローン": 0,
        "住宅費": 2695697,
        "住民税": 0,
        "塾": 0,
        "学費": 0,
        "家賃": 0,
        "所得税": 0,
        "消耗品・その他": 3908028,
        "社会保険料": 0,
        "通信費": 96000,
        "食費": 1172400,
      },
      "period": "2075年度",
      "total": 7872125,
    },
    {
      "byCategory": {
        "住宅ローン": 0,
        "住宅費": 0,
        "住民税": 0,
        "塾": 0,
        "学費": 0,
        "家賃": 0,
        "所得税": 0,
        "消耗品・その他": 3947112,
        "社会保険料": 0,
        "通信費": 96000,
        "食費": 1184124,
      },
      "period": "2076年度",
      "total": 5227236,
    },
    {
      "byCategory": {
        "住宅ローン": 0,
        "住宅費": 0,
        "住民税": 0,
        "塾": 0,
        "学費": 0,
        "家賃": 0,
        "所得税": 0,
        "消耗品・その他": 3986580,
        "社会保険料": 0,
        "通信費": 96000,
        "食費": 1195968,
      },
      "period": "2077年度",
      "total": 5278548,
    },
    {
      "byCategory": {
        "住宅ローン": 0,
        "住宅費": 0,
        "住民税": 0,
        "塾": 0,
        "学費": 0,
        "家賃": 0,
        "所得税": 0,
        "消耗品・その他": 4026444,
        "社会保険料": 0,
        "通信費": 96000,
        "食費": 1207932,
      },
      "period": "2078年度",
      "total": 5330376,
    },
    {
      "byCategory": {
        "住宅ローン": 0,
        "住宅費": 0,
        "住民税": 0,
        "塾": 0,
        "学費": 0,
        "家賃": 0,
        "所得税": 0,
        "消耗品・その他": 4066716,
        "社会保険料": 0,
        "通信費": 96000,
        "食費": 1220004,
      },
      "period": "2079年度",
      "total": 5382720,
    },
    {
      "byCategory": {
        "住宅ローン": 0,
        "住宅費": 0,
        "住民税": 0,
        "塾": 0,
        "学費": 0,
        "家賃": 0,
        "所得税": 0,
        "消耗品・その他": 4107384,
        "社会保険料": 0,
        "通信費": 96000,
        "食費": 1232208,
      },
      "period": "2080年度",
      "total": 5435592,
    },
    {
      "byCategory": {
        "住宅ローン": 0,
        "住宅費": 0,
        "住民税": 0,
        "塾": 0,
        "学費": 0,
        "家賃": 0,
        "所得税": 0,
        "消耗品・その他": 4148448,
        "社会保険料": 0,
        "通信費": 96000,
        "食費": 1244532,
      },
      "period": "2081年度",
      "total": 5488980,
    },
    {
      "byCategory": {
        "住宅ローン": 0,
        "住宅費": 0,
        "住民税": 0,
        "塾": 0,
        "学費": 0,
        "家賃": 0,
        "所得税": 0,
        "消耗品・その他": 4189932,
        "社会保険料": 0,
        "通信費": 96000,
        "食費": 1256976,
      },
      "period": "2082年度",
      "total": 5542908,
    },
    {
      "byCategory": {
        "住宅ローン": 0,
        "住宅費": 0,
        "住民税": 0,
        "塾": 0,
        "学費": 0,
        "家賃": 0,
        "所得税": 0,
        "消耗品・その他": 4231836,
        "社会保険料": 0,
        "通信費": 96000,
        "食費": 1269552,
      },
      "period": "2083年度",
      "total": 5597388,
    },
    {
      "byCategory": {
        "住宅ローン": 0,
        "住宅費": 0,
        "住民税": 0,
        "塾": 0,
        "学費": 0,
        "家賃": 0,
        "所得税": 0,
        "消耗品・その他": 4274160,
        "社会保険料": 0,
        "通信費": 96000,
        "食費": 1282248,
      },
      "period": "2084年度",
      "total": 5652408,
    },
    {
      "byCategory": {
        "住宅ローン": 0,
        "住宅費": 2977727,
        "住民税": 0,
        "塾": 0,
        "学費": 0,
        "家賃": 0,
        "所得税": 0,
        "消耗品・その他": 4316892,
        "社会保険料": 0,
        "通信費": 96000,
        "食費": 1295064,
      },
      "period": "2085年度",
      "total": 8685683,
    },
    {
      "byCategory": {
        "住宅ローン": 0,
        "住宅費": 0,
        "住民税": 0,
        "塾": 0,
        "学費": 0,
        "家賃": 0,
        "所得税": 0,
        "消耗品・その他": 4360068,
        "社会保険料": 0,
        "通信費": 96000,
        "食費": 1308012,
      },
      "period": "2086年度",
      "total": 5764080,
    },
    {
      "byCategory": {
        "住宅ローン": 0,
        "住宅費": 0,
        "住民税": 0,
        "塾": 0,
        "学費": 0,
        "家賃": 0,
        "所得税": 0,
        "消耗品・その他": 4403664,
        "社会保険料": 0,
        "通信費": 96000,
        "食費": 1321092,
      },
      "period": "2087年度",
      "total": 5820756,
    },
    {
      "byCategory": {
        "住宅ローン": 0,
        "住宅費": 0,
        "住民税": 0,
        "塾": 0,
        "学費": 0,
        "家賃": 0,
        "所得税": 0,
        "消耗品・その他": 4447704,
        "社会保険料": 0,
        "通信費": 96000,
        "食費": 1334304,
      },
      "period": "2088年度",
      "total": 5878008,
    },
  ],
}
`;
